  XSB--------101.cpp
D:\C语言学习\Project101\XSB--------101.cpp(15,12): warning C4473: “scanf_s”: 没有为格式字符串传递足够的参数
      D:\C语言学习\Project101\XSB--------101.cpp(15,12):
      占位符和其参数预计 2 可变参数，但提供的却是 1 参数
      D:\C语言学习\Project101\XSB--------101.cpp(15,12):
      缺失的可变参数 2 为格式字符串“%3s”所需
      D:\C语言学习\Project101\XSB--------101.cpp(15,12):
      此参数用作缓冲区大小
  
D:\C语言学习\Project101\XSB--------101.cpp(19,12): warning C4473: “scanf_s”: 没有为格式字符串传递足够的参数
      D:\C语言学习\Project101\XSB--------101.cpp(19,12):
      占位符和其参数预计 2 可变参数，但提供的却是 1 参数
      D:\C语言学习\Project101\XSB--------101.cpp(19,12):
      缺失的可变参数 2 为格式字符串“%3s”所需
      D:\C语言学习\Project101\XSB--------101.cpp(19,12):
      此参数用作缓冲区大小
  
D:\C语言学习\Project101\XSB--------101.cpp(23,12): warning C4473: “scanf_s”: 没有为格式字符串传递足够的参数
      D:\C语言学习\Project101\XSB--------101.cpp(23,12):
      占位符和其参数预计 2 可变参数，但提供的却是 1 参数
      D:\C语言学习\Project101\XSB--------101.cpp(23,12):
      缺失的可变参数 2 为格式字符串“%6s”所需
      D:\C语言学习\Project101\XSB--------101.cpp(23,12):
      此参数用作缓冲区大小
  
  Project101.vcxproj -> D:\C语言学习\Project101\x64\Debug\Project101.exe
